C51 COMPILER V9.60.0.0   RGB_LED                                                           01/10/2026 19:33:53 PAGE 1   


C51 COMPILER V9.60.0.0, COMPILATION OF MODULE RGB_LED
OBJECT MODULE PLACED IN .\lib/bsp/efm8_rgb_led/rgb_led.OBJ
COMPILER INVOKED BY: Z:\home\onachman\SimplicityStudio5\SimplicityStudio_v5\developer\toolchains\keil_8051\9.60\BIN\C51 
                    -/home/onachman/SimplicityStudio/v5_workspace/lab7b/lib/bsp/efm8_rgb_led/rgb_led.c OMF2 SMALL DEBUG OBJECTEXTEND ROM(LARG
                    -E) WARNINGLEVEL(2) FLOATFUZZY(3) OPTIMIZE(8,SPEED) INTVECTOR(0X0000) INTPROMOTE INCDIR(/home/onachman/SimplicityStudio/v
                    -5_workspace/lab7b/inc;/home/onachman/SimplicityStudio/v5_workspace/lab7b/inc/config;/home/onachman/SimplicityStudio5/Sim
                    -plicityStudio_v5/developer/sdks/8051/v4.3.1//kits/common/drivers/efm8_memory_lcd/inc;/home/onachman/SimplicityStudio5/Si
                    -mplicityStudio_v5/developer/sdks/8051/v4.3.1//kits/common/drivers/efm8_memory_lcd/inc/graphics;/home/onachman/Simplicity
                    -Studio5/SimplicityStudio_v5/developer/sdks/8051/v4.3.1//kits/common/drivers/efm8_memory_lcd/inc/config;/home/onachman/Si
                    -mplicityStudio5/SimplicityStudio_v5/developer/sdks/8051/v4.3.1//kits/common/bsp;/home/onachman/SimplicityStudio5/Simplic
                    -ityStudio_v5/developer/sdks/8051/v4.3.1//kits/EFM8UB2_SLSTK2001A/config;/home/onachman/SimplicityStudio5/SimplicityStudi
                    -o_v5/developer/sdks/8051/v4.3.1//Device/shared/si8051Base;/home/onachman/SimplicityStudio5/SimplicityStudio_v5/developer
                    -/sdks/8051/v4.3.1//Device/EFM8UB2/inc;/home/onachman/SimplicityStudio5/SimplicityStudio_v5/developer/sdks/8051/v4.3.1//k
                    -its/common/drivers/efm8_joystick;/home/onachman/SimplicityStudio5/SimplicityStudio_v5/developer/sdks/8051/v4.3.1//kits/c
                    -ommon/drivers/efm8_rgb_led;/home/onachman/SimplicityStudio5/SimplicityStudio_v5/developer/sdks/8051/v4.3.1//Device/EFM8U
                    -B2/peripheral_driver/inc) PRINT(.\lib/bsp/efm8_rgb_led/rgb_led.lst) COND PAGEWIDTH(120) PAGELENGTH(65) OBJECT(.\lib/bsp/
                    -efm8_rgb_led/rgb_led.OBJ)

line level    source

   1          /////////////////////////////////////////////////////////////////////////////
   2          // rgb_led.c
   3          /////////////////////////////////////////////////////////////////////////////
   4          
   5          #include "bsp.h"
   6          #include "rgb_led.h"
   7          
   8          /////////////////////////////////////////////////////////////////////////////
   9          // Function
  10          /////////////////////////////////////////////////////////////////////////////
  11          
  12          void RGB_SetColor(Color color, uint8_t intensity)
  13          {
  14   1          RGB_CEX_RED = (uint16_t)color.red * intensity / 255;
  15   1          RGB_CEX_GREEN = (uint16_t)color.green * intensity / 255;
  16   1          RGB_CEX_BLUE = (uint16_t)color.blue * intensity / 255;
  17   1      }


MODULE INFORMATION:   STATIC OVERLAYABLE
   CODE SIZE        =     57    ----
   CONSTANT SIZE    =   ----    ----
   XDATA SIZE       =   ----    ----
   PDATA SIZE       =   ----    ----
   DATA SIZE        =   ----       4
   IDATA SIZE       =   ----    ----
   BIT SIZE         =   ----    ----
   EDATA SIZE       =   ----    ----
   HDATA SIZE       =   ----    ----
   XDATA CONST SIZE =   ----    ----
   FAR CONST SIZE   =   ----    ----
END OF MODULE INFORMATION.


C51 COMPILATION COMPLETE.  0 WARNING(S),  0 ERROR(S)
