C51 COMPILER V9.60.0.0   INITDEVICE                                                        01/10/2026 19:33:52 PAGE 1   


C51 COMPILER V9.60.0.0, COMPILATION OF MODULE INITDEVICE
OBJECT MODULE PLACED IN .\src/InitDevice.OBJ
COMPILER INVOKED BY: Z:\home\onachman\SimplicityStudio5\SimplicityStudio_v5\developer\toolchains\keil_8051\9.60\BIN\C51 
                    -/home/onachman/SimplicityStudio/v5_workspace/lab7b/src/InitDevice.c OMF2 SMALL DEBUG OBJECTEXTEND ROM(LARGE) WARNINGLEVE
                    -L(2) FLOATFUZZY(3) OPTIMIZE(8,SPEED) INTVECTOR(0X0000) INTPROMOTE INCDIR(/home/onachman/SimplicityStudio/v5_workspace/la
                    -b7b/inc;/home/onachman/SimplicityStudio/v5_workspace/lab7b/inc/config;/home/onachman/SimplicityStudio5/SimplicityStudio_
                    -v5/developer/sdks/8051/v4.3.1//kits/common/drivers/efm8_memory_lcd/inc;/home/onachman/SimplicityStudio5/SimplicityStudio
                    -_v5/developer/sdks/8051/v4.3.1//kits/common/drivers/efm8_memory_lcd/inc/graphics;/home/onachman/SimplicityStudio5/Simpli
                    -cityStudio_v5/developer/sdks/8051/v4.3.1//kits/common/drivers/efm8_memory_lcd/inc/config;/home/onachman/SimplicityStudio
                    -5/SimplicityStudio_v5/developer/sdks/8051/v4.3.1//kits/common/bsp;/home/onachman/SimplicityStudio5/SimplicityStudio_v5/d
                    -eveloper/sdks/8051/v4.3.1//kits/EFM8UB2_SLSTK2001A/config;/home/onachman/SimplicityStudio5/SimplicityStudio_v5/developer
                    -/sdks/8051/v4.3.1//Device/shared/si8051Base;/home/onachman/SimplicityStudio5/SimplicityStudio_v5/developer/sdks/8051/v4.
                    -3.1//Device/EFM8UB2/inc;/home/onachman/SimplicityStudio5/SimplicityStudio_v5/developer/sdks/8051/v4.3.1//kits/common/dri
                    -vers/efm8_joystick;/home/onachman/SimplicityStudio5/SimplicityStudio_v5/developer/sdks/8051/v4.3.1//kits/common/drivers/
                    -efm8_rgb_led;/home/onachman/SimplicityStudio5/SimplicityStudio_v5/developer/sdks/8051/v4.3.1//Device/EFM8UB2/peripheral_
                    -driver/inc) PRINT(.\src/InitDevice.lst) COND PAGEWIDTH(120) PAGELENGTH(65) OBJECT(.\src/InitDevice.OBJ)

line level    source

   1          //=========================================================
   2          // src/InitDevice.c: generated by Hardware Configurator
   3          //
   4          // This file will be regenerated when saving a document.
   5          // leave the sections inside the "$[...]" comment tags alone
   6          // or they will be overwritten!
   7          //=========================================================
   8          
   9          // USER INCLUDES
  10          #include <SI_EFM8UB2_Register_Enums.h>
  11          #include "InitDevice.h"
  12          
  13          // USER PROTOTYPES
  14          // USER FUNCTIONS
  15          
  16          // $[Library Includes]
  17          // [Library Includes]$
  18          
  19          //==============================================================================
  20          // enter_DefaultMode_from_RESET
  21          //==============================================================================
  22          extern void
  23          enter_DefaultMode_from_RESET (void)
  24          {
  25   1        // $[Config Calls]
  26   1        // Save the SFRPAGE
  27   1        uint8_t SFRPAGE_save = SFRPAGE;
  28   1        PCA_0_enter_DefaultMode_from_RESET ();
  29   1        PCACH_0_enter_DefaultMode_from_RESET ();
  30   1        PCACH_1_enter_DefaultMode_from_RESET ();
  31   1        PCACH_2_enter_DefaultMode_from_RESET ();
  32   1        PORTS_0_enter_DefaultMode_from_RESET ();
  33   1        PORTS_1_enter_DefaultMode_from_RESET ();
  34   1        PORTS_2_enter_DefaultMode_from_RESET ();
  35   1        PBCFG_0_enter_DefaultMode_from_RESET ();
  36   1        ADC_0_enter_DefaultMode_from_RESET ();
  37   1        VREF_0_enter_DefaultMode_from_RESET ();
  38   1        CLOCK_0_enter_DefaultMode_from_RESET ();
  39   1        TIMER01_0_enter_DefaultMode_from_RESET ();
  40   1        TIMER16_3_enter_DefaultMode_from_RESET ();
  41   1        TIMER_SETUP_0_enter_DefaultMode_from_RESET ();
  42   1        SPI_0_enter_DefaultMode_from_RESET ();
  43   1        INTERRUPT_0_enter_DefaultMode_from_RESET ();
C51 COMPILER V9.60.0.0   INITDEVICE                                                        01/10/2026 19:33:52 PAGE 2   

  44   1        // Restore the SFRPAGE
  45   1        SFRPAGE = SFRPAGE_save;
  46   1        // [Config Calls]$
  47   1      
  48   1      }
  49          
  50          //================================================================================
  51          // PCA_0_enter_DefaultMode_from_RESET
  52          //================================================================================
  53          extern void
  54          PCA_0_enter_DefaultMode_from_RESET (void)
  55          {
  56   1        // $[PCA0MD - PCA Mode]
  57   1        /***********************************************************************
  58   1         - Disable Watchdog Timer
  59   1         - System clock divided by 4
  60   1         - PCA continues to function normally while the system controller is in
  61   1         Idle Mode
  62   1         - Disable the CF interrupt
  63   1         - Disable Watchdog Timer
  64   1         - Watchdog Timer Enable unlocked
  65   1         ***********************************************************************/
  66   1        SFRPAGE = 0x00;
  67   1        PCA0MD &= ~PCA0MD_WDTE__BMASK;
  68   1        PCA0MD = PCA0MD_CPS__SYSCLK_DIV_4 | PCA0MD_CIDL__NORMAL
  69   1            | PCA0MD_ECF__OVF_INT_DISABLED | PCA0MD_WDTE__DISABLED
  70   1            | PCA0MD_WDLCK__UNLOCKED;
  71   1        // [PCA0MD - PCA Mode]$
  72   1      
  73   1        // $[PCA0H - PCA Counter/Timer High Byte]
  74   1        // [PCA0H - PCA Counter/Timer High Byte]$
  75   1      
  76   1        // $[PCA0L - PCA Counter/Timer Low Byte]
  77   1        // [PCA0L - PCA Counter/Timer Low Byte]$
  78   1      
  79   1        // $[PCA0CN0 - PCA Control 0]
  80   1        /***********************************************************************
  81   1         - Start the PCA Counter/Timer running
  82   1         ***********************************************************************/
  83   1        PCA0CN0 |= PCA0CN0_CR__RUN;
  84   1        // [PCA0CN0 - PCA Control 0]$
  85   1      
  86   1      }
  87          
  88          //================================================================================
  89          // PCACH_0_enter_DefaultMode_from_RESET
  90          //================================================================================
  91          extern void
  92          PCACH_0_enter_DefaultMode_from_RESET (void)
  93          {
  94   1        uint8_t PCA0CN0_CR_save = PCA0CN0 & PCA0CN0_CR__BMASK;
  95   1        PCA0CN0 |= PCA0CN0_CR_save;
  96   1      
  97   1        // $[PCA0CPM0 - PCA Channel 0 Capture/Compare Mode]
  98   1        /***********************************************************************
  99   1         - Disable negative edge capture
 100   1         - Disable CCF0 interrupts
 101   1         - Disable match function
 102   1         - 16-bit PWM selected
 103   1         - Disable positive edge capture
 104   1         - Disable comparator function
 105   1         - Disable PWM function
 106   1         - Disable toggle function
C51 COMPILER V9.60.0.0   INITDEVICE                                                        01/10/2026 19:33:52 PAGE 3   

 107   1         ***********************************************************************/
 108   1        PCA0CPM0 = PCA0CPM0_CAPN__DISABLED | PCA0CPM0_ECCF__DISABLED
 109   1            | PCA0CPM0_MAT__DISABLED | PCA0CPM0_PWM16__16_BIT
 110   1            | PCA0CPM0_CAPP__DISABLED | PCA0CPM0_ECOM__DISABLED
 111   1            | PCA0CPM0_PWM__DISABLED | PCA0CPM0_TOG__DISABLED;
 112   1        // [PCA0CPM0 - PCA Channel 0 Capture/Compare Mode]$
 113   1      
 114   1        // $[PCA0CPL0 - PCA Channel 0 Capture Module Low Byte]
 115   1        // [PCA0CPL0 - PCA Channel 0 Capture Module Low Byte]$
 116   1      
 117   1        // $[PCA0CPH0 - PCA Channel 0 Capture Module High Byte]
 118   1        PCA0CPH0 = 0x00;
 119   1        // [PCA0CPH0 - PCA Channel 0 Capture Module High Byte]$
 120   1      
 121   1        // $[PCA0 Start/Run restore]
 122   1        // [PCA0 Start/Run restore]$
 123   1      
 124   1      }
 125          
 126          //================================================================================
 127          // PCACH_1_enter_DefaultMode_from_RESET
 128          //================================================================================
 129          extern void
 130          PCACH_1_enter_DefaultMode_from_RESET (void)
 131          {
 132   1        uint8_t PCA0CN0_CR_save = PCA0CN0 & PCA0CN0_CR__BMASK;
 133   1        PCA0CN0 |= PCA0CN0_CR_save;
 134   1      
 135   1        // $[PCA0CPM1 - PCA Channel 1 Capture/Compare Mode]
 136   1        /***********************************************************************
 137   1         - Disable negative edge capture
 138   1         - Disable CCF1 interrupts
 139   1         - Disable match function
 140   1         - 8-bit PWM selected
 141   1         - Disable positive edge capture
 142   1         - Enable comparator function
 143   1         - Enable PWM function
 144   1         - Disable toggle function
 145   1         ***********************************************************************/
 146   1        PCA0CPM1 = PCA0CPM1_CAPN__DISABLED | PCA0CPM1_ECCF__DISABLED
 147   1            | PCA0CPM1_MAT__DISABLED | PCA0CPM1_PWM16__8_BIT | PCA0CPM1_CAPP__DISABLED
 148   1            | PCA0CPM1_ECOM__ENABLED | PCA0CPM1_PWM__ENABLED | PCA0CPM1_TOG__DISABLED;
 149   1        // [PCA0CPM1 - PCA Channel 1 Capture/Compare Mode]$
 150   1      
 151   1        // $[PCA0CPL1 - PCA Channel 1 Capture Module Low Byte]
 152   1        // [PCA0CPL1 - PCA Channel 1 Capture Module Low Byte]$
 153   1      
 154   1        // $[PCA0CPH1 - PCA Channel 1 Capture Module High Byte]
 155   1        PCA0CPH1 = 0x00;
 156   1        // [PCA0CPH1 - PCA Channel 1 Capture Module High Byte]$
 157   1      
 158   1        // $[PCA0 Start/Run restore]
 159   1        // [PCA0 Start/Run restore]$
 160   1      
 161   1      }
 162          
 163          //================================================================================
 164          // PCACH_2_enter_DefaultMode_from_RESET
 165          //================================================================================
 166          extern void
 167          PCACH_2_enter_DefaultMode_from_RESET (void)
 168          {
 169   1        uint8_t PCA0CN0_CR_save = PCA0CN0 & PCA0CN0_CR__BMASK;
C51 COMPILER V9.60.0.0   INITDEVICE                                                        01/10/2026 19:33:52 PAGE 4   

 170   1        PCA0CN0 |= PCA0CN0_CR_save;
 171   1      
 172   1        // $[PCA0CPM2 - PCA Channel 2 Capture/Compare Mode]
 173   1        /***********************************************************************
 174   1         - Disable negative edge capture
 175   1         - Disable CCF2 interrupts
 176   1         - Disable match function
 177   1         - 8-bit PWM selected
 178   1         - Disable positive edge capture
 179   1         - Enable comparator function
 180   1         - Enable PWM function
 181   1         - Disable toggle function
 182   1         ***********************************************************************/
 183   1        PCA0CPM2 = PCA0CPM2_CAPN__DISABLED | PCA0CPM2_ECCF__DISABLED
 184   1            | PCA0CPM2_MAT__DISABLED | PCA0CPM2_PWM16__8_BIT | PCA0CPM2_CAPP__DISABLED
 185   1            | PCA0CPM2_ECOM__ENABLED | PCA0CPM2_PWM__ENABLED | PCA0CPM2_TOG__DISABLED;
 186   1        // [PCA0CPM2 - PCA Channel 2 Capture/Compare Mode]$
 187   1      
 188   1        // $[PCA0CPL2 - PCA Channel 2 Capture Module Low Byte]
 189   1        // [PCA0CPL2 - PCA Channel 2 Capture Module Low Byte]$
 190   1      
 191   1        // $[PCA0CPH2 - PCA Channel 2 Capture Module High Byte]
 192   1        PCA0CPH2 = 0x00;
 193   1        // [PCA0CPH2 - PCA Channel 2 Capture Module High Byte]$
 194   1      
 195   1        // $[PCA0 Start/Run restore]
 196   1        // [PCA0 Start/Run restore]$
 197   1      
 198   1      }
 199          
 200          //================================================================================
 201          // PORTS_0_enter_DefaultMode_from_RESET
 202          //================================================================================
 203          extern void
 204          PORTS_0_enter_DefaultMode_from_RESET (void)
 205          {
 206   1        // $[P0 - Port 0 Pin Latch]
 207   1        // [P0 - Port 0 Pin Latch]$
 208   1      
 209   1        // $[P0MDOUT - Port 0 Output Mode]
 210   1        /***********************************************************************
 211   1         - P0.0 output is push-pull
 212   1         - P0.1 output is push-pull
 213   1         - P0.2 output is open-drain
 214   1         - P0.3 output is open-drain
 215   1         - P0.4 output is push-pull
 216   1         - P0.5 output is push-pull
 217   1         - P0.6 output is push-pull
 218   1         - P0.7 output is open-drain
 219   1         ***********************************************************************/
 220   1        P0MDOUT = P0MDOUT_B0__PUSH_PULL | P0MDOUT_B1__PUSH_PULL
 221   1            | P0MDOUT_B2__OPEN_DRAIN | P0MDOUT_B3__OPEN_DRAIN | P0MDOUT_B4__PUSH_PULL
 222   1            | P0MDOUT_B5__PUSH_PULL | P0MDOUT_B6__PUSH_PULL | P0MDOUT_B7__OPEN_DRAIN;
 223   1        // [P0MDOUT - Port 0 Output Mode]$
 224   1      
 225   1        // $[P0MDIN - Port 0 Input Mode]
 226   1        // [P0MDIN - Port 0 Input Mode]$
 227   1      
 228   1        // $[P0SKIP - Port 0 Skip]
 229   1        /***********************************************************************
 230   1         - P0.0 pin is skipped by the crossbar
 231   1         - P0.1 pin is skipped by the crossbar
 232   1         - P0.2 pin is skipped by the crossbar
C51 COMPILER V9.60.0.0   INITDEVICE                                                        01/10/2026 19:33:52 PAGE 5   

 233   1         - P0.3 pin is skipped by the crossbar
 234   1         - P0.4 pin is skipped by the crossbar
 235   1         - P0.5 pin is skipped by the crossbar
 236   1         - P0.6 pin is not skipped by the crossbar
 237   1         - P0.7 pin is not skipped by the crossbar
 238   1         ***********************************************************************/
 239   1        P0SKIP = P0SKIP_B0__SKIPPED | P0SKIP_B1__SKIPPED | P0SKIP_B2__SKIPPED
 240   1            | P0SKIP_B3__SKIPPED | P0SKIP_B4__SKIPPED | P0SKIP_B5__SKIPPED
 241   1            | P0SKIP_B6__NOT_SKIPPED | P0SKIP_B7__NOT_SKIPPED;
 242   1        // [P0SKIP - Port 0 Skip]$
 243   1      
 244   1      }
 245          
 246          //================================================================================
 247          // PORTS_1_enter_DefaultMode_from_RESET
 248          //================================================================================
 249          extern void
 250          PORTS_1_enter_DefaultMode_from_RESET (void)
 251          {
 252   1        // $[P1 - Port 1 Pin Latch]
 253   1        // [P1 - Port 1 Pin Latch]$
 254   1      
 255   1        // $[P1MDOUT - Port 1 Output Mode]
 256   1        /***********************************************************************
 257   1         - P1.0 output is push-pull
 258   1         - P1.1 output is open-drain
 259   1         - P1.2 output is open-drain
 260   1         - P1.3 output is open-drain
 261   1         - P1.4 output is push-pull
 262   1         - P1.5 output is open-drain
 263   1         - P1.6 output is open-drain
 264   1         - P1.7 output is open-drain
 265   1         ***********************************************************************/
 266   1        P1MDOUT = P1MDOUT_B0__PUSH_PULL | P1MDOUT_B1__OPEN_DRAIN
 267   1            | P1MDOUT_B2__OPEN_DRAIN | P1MDOUT_B3__OPEN_DRAIN | P1MDOUT_B4__PUSH_PULL
 268   1            | P1MDOUT_B5__OPEN_DRAIN | P1MDOUT_B6__OPEN_DRAIN
 269   1            | P1MDOUT_B7__OPEN_DRAIN;
 270   1        // [P1MDOUT - Port 1 Output Mode]$
 271   1      
 272   1        // $[P1MDIN - Port 1 Input Mode]
 273   1        /***********************************************************************
 274   1         - P1.0 pin is configured for digital mode
 275   1         - P1.1 pin is configured for analog mode
 276   1         - P1.2 pin is configured for digital mode
 277   1         - P1.3 pin is configured for digital mode
 278   1         - P1.4 pin is configured for digital mode
 279   1         - P1.5 pin is configured for analog mode
 280   1         - P1.6 pin is configured for digital mode
 281   1         - P1.7 pin is configured for digital mode
 282   1         ***********************************************************************/
 283   1        P1MDIN = P1MDIN_B0__DIGITAL | P1MDIN_B1__ANALOG | P1MDIN_B2__DIGITAL
 284   1            | P1MDIN_B3__DIGITAL | P1MDIN_B4__DIGITAL | P1MDIN_B5__ANALOG
 285   1            | P1MDIN_B6__DIGITAL | P1MDIN_B7__DIGITAL;
 286   1        // [P1MDIN - Port 1 Input Mode]$
 287   1      
 288   1        // $[P1SKIP - Port 1 Skip]
 289   1        /***********************************************************************
 290   1         - P1.0 pin is not skipped by the crossbar
 291   1         - P1.1 pin is skipped by the crossbar
 292   1         - P1.2 pin is skipped by the crossbar
 293   1         - P1.3 pin is skipped by the crossbar
 294   1         - P1.4 pin is skipped by the crossbar
 295   1         - P1.5 pin is skipped by the crossbar
C51 COMPILER V9.60.0.0   INITDEVICE                                                        01/10/2026 19:33:52 PAGE 6   

 296   1         - P1.6 pin is skipped by the crossbar
 297   1         - P1.7 pin is skipped by the crossbar
 298   1         ***********************************************************************/
 299   1        P1SKIP = P1SKIP_B0__NOT_SKIPPED | P1SKIP_B1__SKIPPED | P1SKIP_B2__SKIPPED
 300   1            | P1SKIP_B3__SKIPPED | P1SKIP_B4__SKIPPED | P1SKIP_B5__SKIPPED
 301   1            | P1SKIP_B6__SKIPPED | P1SKIP_B7__SKIPPED;
 302   1        // [P1SKIP - Port 1 Skip]$
 303   1      
 304   1      }
 305          
 306          //================================================================================
 307          // PORTS_2_enter_DefaultMode_from_RESET
 308          //================================================================================
 309          extern void
 310          PORTS_2_enter_DefaultMode_from_RESET (void)
 311          {
 312   1        // $[P2 - Port 2 Pin Latch]
 313   1        // [P2 - Port 2 Pin Latch]$
 314   1      
 315   1        // $[P2MDOUT - Port 2 Output Mode]
 316   1        /***********************************************************************
 317   1         - P2.0 output is open-drain
 318   1         - P2.1 output is open-drain
 319   1         - P2.2 output is open-drain
 320   1         - P2.3 output is open-drain
 321   1         - P2.4 output is open-drain
 322   1         - P2.5 output is open-drain
 323   1         - P2.6 output is push-pull
 324   1         - P2.7 output is open-drain
 325   1         ***********************************************************************/
 326   1        P2MDOUT = P2MDOUT_B0__OPEN_DRAIN | P2MDOUT_B1__OPEN_DRAIN
 327   1            | P2MDOUT_B2__OPEN_DRAIN | P2MDOUT_B3__OPEN_DRAIN | P2MDOUT_B4__OPEN_DRAIN
 328   1            | P2MDOUT_B5__OPEN_DRAIN | P2MDOUT_B6__PUSH_PULL | P2MDOUT_B7__OPEN_DRAIN;
 329   1        // [P2MDOUT - Port 2 Output Mode]$
 330   1      
 331   1        // $[P2MDIN - Port 2 Input Mode]
 332   1        /***********************************************************************
 333   1         - P2.0 pin is configured for digital mode
 334   1         - P2.1 pin is configured for digital mode
 335   1         - P2.2 pin is configured for digital mode
 336   1         - P2.3 pin is configured for digital mode
 337   1         - P2.4 pin is configured for digital mode
 338   1         - P2.5 pin is configured for analog mode
 339   1         - P2.6 pin is configured for digital mode
 340   1         - P2.7 pin is configured for digital mode
 341   1         ***********************************************************************/
 342   1        P2MDIN = P2MDIN_B0__DIGITAL | P2MDIN_B1__DIGITAL | P2MDIN_B2__DIGITAL
 343   1            | P2MDIN_B3__DIGITAL | P2MDIN_B4__DIGITAL | P2MDIN_B5__ANALOG
 344   1            | P2MDIN_B6__DIGITAL | P2MDIN_B7__DIGITAL;
 345   1        // [P2MDIN - Port 2 Input Mode]$
 346   1      
 347   1        // $[P2SKIP - Port 2 Skip]
 348   1        /***********************************************************************
 349   1         - P2.0 pin is skipped by the crossbar
 350   1         - P2.1 pin is skipped by the crossbar
 351   1         - P2.2 pin is skipped by the crossbar
 352   1         - P2.3 pin is skipped by the crossbar
 353   1         - P2.4 pin is skipped by the crossbar
 354   1         - P2.5 pin is skipped by the crossbar
 355   1         - P2.6 pin is not skipped by the crossbar
 356   1         - P2.7 pin is skipped by the crossbar
 357   1         ***********************************************************************/
 358   1        P2SKIP = P2SKIP_B0__SKIPPED | P2SKIP_B1__SKIPPED | P2SKIP_B2__SKIPPED
C51 COMPILER V9.60.0.0   INITDEVICE                                                        01/10/2026 19:33:52 PAGE 7   

 359   1            | P2SKIP_B3__SKIPPED | P2SKIP_B4__SKIPPED | P2SKIP_B5__SKIPPED
 360   1            | P2SKIP_B6__NOT_SKIPPED | P2SKIP_B7__SKIPPED;
 361   1        // [P2SKIP - Port 2 Skip]$
 362   1      
 363   1      }
 364          
 365          //================================================================================
 366          // PBCFG_0_enter_DefaultMode_from_RESET
 367          //================================================================================
 368          extern void
 369          PBCFG_0_enter_DefaultMode_from_RESET (void)
 370          {
 371   1        // $[XBR1 - Port I/O Crossbar 1]
 372   1        /***********************************************************************
 373   1         - Weak Pullups enabled 
 374   1         - Crossbar enabled
 375   1         - CEX0 routed to Port pin
 376   1         - ECI unavailable at Port pin
 377   1         - T0 unavailable at Port pin
 378   1         - T1 unavailable at Port pin
 379   1         ***********************************************************************/
 380   1        XBR1 = XBR1_WEAKPUD__PULL_UPS_ENABLED | XBR1_XBARE__ENABLED
 381   1            | XBR1_PCA0ME__CEX0 | XBR1_ECIE__DISABLED | XBR1_T0E__DISABLED
 382   1            | XBR1_T1E__DISABLED;
 383   1        // [XBR1 - Port I/O Crossbar 1]$
 384   1      
 385   1        // $[XBR0 - Port I/O Crossbar 0]
 386   1        /***********************************************************************
 387   1         - UART0 I/O unavailable at Port pin
 388   1         - SPI I/O routed to Port pins
 389   1         - SMBus 0 I/O unavailable at Port pins
 390   1         - CP0 unavailable at Port pin
 391   1         - Asynchronous CP0 unavailable at Port pin
 392   1         - CP1 unavailable at Port pin
 393   1         - Asynchronous CP1 unavailable at Port pin
 394   1         - SYSCLK unavailable at Port pin
 395   1         ***********************************************************************/
 396   1        XBR0 = XBR0_URT0E__DISABLED | XBR0_SPI0E__ENABLED | XBR0_SMB0E__DISABLED
 397   1            | XBR0_CP0E__DISABLED | XBR0_CP0AE__DISABLED | XBR0_CP1E__DISABLED
 398   1            | XBR0_CP1AE__DISABLED | XBR0_SYSCKE__DISABLED;
 399   1        // [XBR0 - Port I/O Crossbar 0]$
 400   1      
 401   1        // $[XBR2 - Port I/O Crossbar 2]
 402   1        // [XBR2 - Port I/O Crossbar 2]$
 403   1      
 404   1      }
 405          
 406          //================================================================================
 407          // HFOSC_0_enter_DefaultMode_from_RESET
 408          //================================================================================
 409          extern void
 410          HFOSC_0_enter_DefaultMode_from_RESET (void)
 411          {
 412   1        // $[HFO0CN - High Frequency Oscillator Control]
 413   1        /***********************************************************************
 414   1         - SYSCLK can be derived from Internal H-F Oscillator divided by 2 
 415   1         ***********************************************************************/
 416   1        HFO0CN &= ~HFO0CN_IFCN__FMASK;
 417   1        HFO0CN |= HFO0CN_IFCN__SYSCLK_DIV_2;
 418   1        // [HFO0CN - High Frequency Oscillator Control]$
 419   1      
 420   1      }
 421          
C51 COMPILER V9.60.0.0   INITDEVICE                                                        01/10/2026 19:33:52 PAGE 8   

 422          //================================================================================
 423          // CLOCK_0_enter_DefaultMode_from_RESET
 424          //================================================================================
 425          extern void
 426          CLOCK_0_enter_DefaultMode_from_RESET (void)
 427          {
 428   1        // $[CLKSEL - Clock Select]
 429   1        /***********************************************************************
 430   1         - Clock 
 431   1         - USB clock 
 432   1         - Enabling the Crossbar SYSCLK signal outputs SYSCLK
 433   1         ***********************************************************************/
 434   1        CLKSEL = CLKSEL_CLKSL__HFOSC | CLKSEL_USBCLK__HFOSC | CLKSEL_OUTCLK__SYSCLK;
 435   1        // [CLKSEL - Clock Select]$
 436   1      
 437   1      }
 438          /*
 439           //================================================================================
 440           // TIMER01_0_enter_DefaultMode_from_RESET
 441           //================================================================================
 442           extern void TIMER01_0_enter_DefaultMode_from_RESET(void) {
 443           // $[Timer Initialization]
 444           //Save Timer Configuration
 445           uint8_t TCON_save;
 446           TCON_save = TCON;
 447           //Stop Timers
 448           TCON &= ~TCON_TR0__BMASK & ~TCON_TR1__BMASK;
 449          
 450           // [Timer Initialization]$
 451          
 452           // $[TH0 - Timer 0 High Byte]
 453           // [TH0 - Timer 0 High Byte]$
 454          
 455           // $[TL0 - Timer 0 Low Byte]
 456           /***********************************************************************
 457           - Timer 0 Low Byte = 0x06
 458           ***********************************************************************/
 459          /*
 460           TL0 = (0x06 << TL0_TL0__SHIFT);
 461           // [TL0 - Timer 0 Low Byte]$
 462          
 463           // $[TH1 - Timer 1 High Byte]
 464           // [TH1 - Timer 1 High Byte]$
 465          
 466           // $[TL1 - Timer 1 Low Byte]
 467           // [TL1 - Timer 1 Low Byte]$
 468          
 469           // $[Timer Restoration]
 470           //Restore Timer Configuration
 471           TCON |= (TCON_save & TCON_TR0__BMASK) | (TCON_save & TCON_TR1__BMASK);
 472          
 473           // [Timer Restoration]$
 474          
 475           }
 476           */
 477          //================================================================================
 478          // TIMER16_3_enter_DefaultMode_from_RESET
 479          //================================================================================
 480          extern void
 481          TIMER16_3_enter_DefaultMode_from_RESET (void)
 482          {
 483   1        // $[Timer Initialization]
 484   1        // Save Timer Configuration
C51 COMPILER V9.60.0.0   INITDEVICE                                                        01/10/2026 19:33:52 PAGE 9   

 485   1        uint8_t TMR3CN0_TR3_save;
 486   1        TMR3CN0_TR3_save = TMR3CN0 & TMR3CN0_TR3__BMASK;
 487   1        // Stop Timer
 488   1        TMR3CN0 &= ~(TMR3CN0_TR3__BMASK);
 489   1        // [Timer Initialization]$
 490   1      
 491   1        // $[TMR3CN0 - Timer 3 Control]
 492   1        // [TMR3CN0 - Timer 3 Control]$
 493   1      
 494   1        // $[TMR3H - Timer 3 High Byte]
 495   1        /***********************************************************************
 496   1         - Timer 3 High Byte = 0xF8
 497   1         ***********************************************************************/
 498   1        TMR3H = (0xF8 << TMR3H_TMR3H__SHIFT);
 499   1        // [TMR3H - Timer 3 High Byte]$
 500   1      
 501   1        // $[TMR3L - Timer 3 Low Byte]
 502   1        /***********************************************************************
 503   1         - Timer 3 Low Byte = 0x30
 504   1         ***********************************************************************/
 505   1        TMR3L = (0x30 << TMR3L_TMR3L__SHIFT);
 506   1        // [TMR3L - Timer 3 Low Byte]$
 507   1      
 508   1        // $[TMR3RLH - Timer 3 Reload High Byte]
 509   1        /***********************************************************************
 510   1         - Timer 3 Reload High Byte = 0xF0
 511   1         ***********************************************************************/
 512   1        TMR3RLH = (0xF0 << TMR3RLH_TMR3RLH__SHIFT);
 513   1        // [TMR3RLH - Timer 3 Reload High Byte]$
 514   1      
 515   1        // $[TMR3RLL - Timer 3 Reload Low Byte]
 516   1        /***********************************************************************
 517   1         - Timer 3 Reload Low Byte = 0x60
 518   1         ***********************************************************************/
 519   1        TMR3RLL = (0x60 << TMR3RLL_TMR3RLL__SHIFT);
 520   1        // [TMR3RLL - Timer 3 Reload Low Byte]$
 521   1      
 522   1        // $[TMR3CN0]
 523   1        /***********************************************************************
 524   1         - Start Timer 3 running
 525   1         ***********************************************************************/
 526   1        TMR3CN0 |= TMR3CN0_TR3__RUN;
 527   1        // [TMR3CN0]$
 528   1      
 529   1        // $[Timer Restoration]
 530   1        // Restore Timer Configuration
 531   1        TMR3CN0 |= TMR3CN0_TR3_save;
 532   1        // [Timer Restoration]$
 533   1      
 534   1      }
 535          
 536          //================================================================================
 537          // TIMER_SETUP_0_enter_DefaultMode_from_RESET
 538          //================================================================================
 539          extern void
 540          TIMER_SETUP_0_enter_DefaultMode_from_RESET (void)
 541          {
 542   1        // $[CKCON0 - Clock Control 0]
 543   1        // [CKCON0 - Clock Control 0]$
 544   1      
 545   1        // $[CKCON1 - Clock Control 1]
 546   1        // [CKCON1 - Clock Control 1]$
 547   1      
C51 COMPILER V9.60.0.0   INITDEVICE                                                        01/10/2026 19:33:52 PAGE 10  

 548   1        // $[TMOD - Timer 0/1 Mode]
 549   1        /***********************************************************************
 550   1         - Mode 1, 16-bit Counter/Timer
 551   1         - Mode 0, 13-bit Counter/Timer
 552   1         - Counter Mode
 553   1         - Timer 0 enabled when TR0 = 1 irrespective of INT0 logic level
 554   1         - Timer Mode
 555   1         - Timer 1 enabled when TR1 = 1 irrespective of INT1 logic level
 556   1         ***********************************************************************/
 557   1        TMOD = TMOD_T0M__MODE1 | TMOD_T1M__MODE0 | TMOD_CT0__COUNTER
 558   1            | TMOD_GATE0__DISABLED | TMOD_CT1__TIMER | TMOD_GATE1__DISABLED;
 559   1        // [TMOD - Timer 0/1 Mode]$
 560   1      
 561   1        // $[TCON - Timer 0/1 Control]
 562   1        // [TCON - Timer 0/1 Control]$
 563   1      
 564   1      }
 565          
 566          //================================================================================
 567          // SPI_0_enter_DefaultMode_from_RESET
 568          //================================================================================
 569          extern void
 570          SPI_0_enter_DefaultMode_from_RESET (void)
 571          {
 572   1        // $[SPI0CKR - SPI0 Clock Rate]
 573   1        /***********************************************************************
 574   1         - SPI0 Clock Rate = 0x17
 575   1         ***********************************************************************/
 576   1        SPI0CKR = (0x17 << SPI0CKR_SPI0CKR__SHIFT);
 577   1        // [SPI0CKR - SPI0 Clock Rate]$
 578   1      
 579   1        // $[SPI0CFG - SPI0 Configuration]
 580   1        /***********************************************************************
 581   1         - Enable master mode. Operate as a master
 582   1         ***********************************************************************/
 583   1        SPI0CFG |= SPI0CFG_MSTEN__MASTER_ENABLED;
 584   1        // [SPI0CFG - SPI0 Configuration]$
 585   1      
 586   1        // $[SPI0CN0 - SPI0 Control]
 587   1        /***********************************************************************
 588   1         - Enable the SPI module
 589   1         - 3-Wire Slave or 3-Wire Master Mode
 590   1         ***********************************************************************/
 591   1        SPI0CN0 &= ~SPI0CN0_NSSMD__FMASK;
 592   1        SPI0CN0 |= SPI0CN0_SPIEN__ENABLED;
 593   1        // [SPI0CN0 - SPI0 Control]$
 594   1      
 595   1      }
 596          
 597          //================================================================================
 598          // INTERRUPT_0_enter_DefaultMode_from_RESET
 599          //================================================================================
 600          extern void
 601          INTERRUPT_0_enter_DefaultMode_from_RESET (void)
 602          {
 603   1        // $[EIE1 - Extended Interrupt Enable 1]
 604   1        /***********************************************************************
 605   1         - Disable ADC0 Conversion Complete interrupt
 606   1         - Disable ADC0 Window Comparison interrupt
 607   1         - Disable CP0 interrupts
 608   1         - Disable CP1 interrupts
 609   1         - Disable all PCA0 interrupts
 610   1         - Disable all SMB0 interrupts
C51 COMPILER V9.60.0.0   INITDEVICE                                                        01/10/2026 19:33:52 PAGE 11  

 611   1         - Enable interrupt requests generated by the TF3L or TF3H flags
 612   1         - Disable all USB0 interrupts
 613   1         ***********************************************************************/
 614   1        EIE1 = EIE1_EADC0__DISABLED | EIE1_EWADC0__DISABLED | EIE1_ECP0__DISABLED
 615   1            | EIE1_ECP1__DISABLED | EIE1_EPCA0__DISABLED | EIE1_ESMB0__DISABLED
 616   1            | EIE1_ET3__ENABLED | EIE1_EUSB0__DISABLED;
 617   1        // [EIE1 - Extended Interrupt Enable 1]$
 618   1      
 619   1        // $[EIP1 - Extended Interrupt Priority 1]
 620   1        // [EIP1 - Extended Interrupt Priority 1]$
 621   1      
 622   1        // $[IE - Interrupt Enable]
 623   1        /***********************************************************************
 624   1         - Disable all interrupt sources
 625   1         - Disable external interrupt 0
 626   1         - Disable external interrupt 1
 627   1         - Enable interrupt requests generated by SPI0
 628   1         - Enable interrupt requests generated by the TF0 flag
 629   1         - Disable all Timer 1 interrupt
 630   1         - Enable interrupt requests generated by the TF2L or TF2H flags
 631   1         - Disable UART0 interrupt
 632   1         ***********************************************************************/
 633   1        IE = IE_EA__DISABLED | IE_EX0__DISABLED | IE_EX1__DISABLED | IE_ESPI0__ENABLED
 634   1            | IE_ET0__ENABLED | IE_ET1__DISABLED | IE_ET2__ENABLED | IE_ES0__DISABLED;
 635   1        // [IE - Interrupt Enable]$
 636   1      
 637   1        // $[IP - Interrupt Priority]
 638   1        // [IP - Interrupt Priority]$
 639   1      
 640   1        // $[EIE2 - Extended Interrupt Enable 2]
 641   1        // [EIE2 - Extended Interrupt Enable 2]$
 642   1      
 643   1        // $[EIP2 - Extended Interrupt Priority 2]
 644   1        // [EIP2 - Extended Interrupt Priority 2]$
 645   1      
 646   1      }
 647          
 648          extern void
 649          CIP51_0_enter_DefaultMode_from_RESET (void)
 650          {
 651   1      
 652   1      }
 653          
 654          extern void
 655          TIMER01_0_enter_DefaultMode_from_RESET (void)
 656          {
 657   1        // $[Timer Initialization]
 658   1        //Save Timer Configuration
 659   1        uint8_t TCON_save;
 660   1        TCON_save = TCON;
 661   1        //Stop Timers
 662   1        TCON &= ~TCON_TR0__BMASK & ~TCON_TR1__BMASK;
 663   1      
 664   1        // [Timer Initialization]$
 665   1      
 666   1        // $[TH0 - Timer 0 High Byte]
 667   1        // [TH0 - Timer 0 High Byte]$
 668   1      
 669   1        // $[TL0 - Timer 0 Low Byte]
 670   1        // [TL0 - Timer 0 Low Byte]$
 671   1      
 672   1        // $[TH1 - Timer 1 High Byte]
 673   1        // [TH1 - Timer 1 High Byte]$
C51 COMPILER V9.60.0.0   INITDEVICE                                                        01/10/2026 19:33:52 PAGE 12  

 674   1      
 675   1        // $[TL1 - Timer 1 Low Byte]
 676   1        // [TL1 - Timer 1 Low Byte]$
 677   1      
 678   1        // $[Timer Restoration]
 679   1        //Restore Timer Configuration
 680   1        TCON |= (TCON_save & TCON_TR0__BMASK) | (TCON_save & TCON_TR1__BMASK);
 681   1      
 682   1        // [Timer Restoration]$
 683   1      
 684   1      }
 685          
 686          extern void
 687          ADC_0_enter_DefaultMode_from_RESET (void)
 688          {
 689   1        // $[ADC0CF - ADC0 Configuration]
 690   1        /***********************************************************************
 691   1         - Data in the ADC0H:ADC0L registers is right-justified
 692   1         - SAR Clock Divider = 0x07
 693   1         ***********************************************************************/
 694   1        ADC0CF = ADC0CF_ADLJST__RIGHT_JUSTIFIED | (0x07 << ADC0CF_ADSC__SHIFT);
 695   1        // [ADC0CF - ADC0 Configuration]$
 696   1      
 697   1        // $[ADC0GTH - ADC0 Greater-Than High Byte]
 698   1        // [ADC0GTH - ADC0 Greater-Than High Byte]$
 699   1      
 700   1        // $[ADC0GTL - ADC0 Greater-Than Low Byte]
 701   1        // [ADC0GTL - ADC0 Greater-Than Low Byte]$
 702   1      
 703   1        // $[ADC0LTH - ADC0 Less-Than High Byte]
 704   1        // [ADC0LTH - ADC0 Less-Than High Byte]$
 705   1      
 706   1        // $[ADC0LTL - ADC0 Less-Than Low Byte]
 707   1        // [ADC0LTL - ADC0 Less-Than Low Byte]$
 708   1      
 709   1        // $[AMX0N - AMUX0 Negative Multiplexer Selection]
 710   1        /***********************************************************************
 711   1         - Ground 
 712   1         ***********************************************************************/
 713   1        AMX0N = AMX0N_AMX0N__GND;
 714   1        // [AMX0N - AMUX0 Negative Multiplexer Selection]$
 715   1      
 716   1        // $[AMX0P - AMUX0 Positive Multiplexer Selection]
 717   1        /***********************************************************************
 718   1         - Select ADC0P.4
 719   1         ***********************************************************************/
 720   1        AMX0P = AMX0P_AMX0P__ADC0P4;
 721   1        // [AMX0P - AMUX0 Positive Multiplexer Selection]$
 722   1      
 723   1        // $[ADC0CN0 - ADC0 Control]
 724   1        /***********************************************************************
 725   1         - ADC0 Enabled 
 726   1         ***********************************************************************/
 727   1        ADC0CN0 |= ADC0CN0_ADEN__ENABLED;
 728   1        // [ADC0CN0 - ADC0 Control]$
 729   1      
 730   1      }
 731          
 732          extern void
 733          VREF_0_enter_DefaultMode_from_RESET (void)
 734          {
 735   1        // $[REF0CN - Voltage Reference Control]
 736   1        /***********************************************************************
C51 COMPILER V9.60.0.0   INITDEVICE                                                        01/10/2026 19:33:52 PAGE 13  

 737   1         - Disable the internal Temperature Sensor
 738   1         - Disable the internal reference buffer
 739   1         - The on-chip voltage reference buffer gain is 2
 740   1         - The REFSL bit selects the voltage reference source
 741   1         - Use VDD as the voltage reference
 742   1         ***********************************************************************/
 743   1        REF0CN = REF0CN_TEMPE__DISABLED | REF0CN_REFBE__DISABLED
 744   1            | REF0CN_REFBGS__GAIN_2 | REF0CN_REGOVR__REFSL | REF0CN_REFSL__VDD;
 745   1        // [REF0CN - Voltage Reference Control]$
 746   1      
 747   1      }
 748          


MODULE INFORMATION:   STATIC OVERLAYABLE
   CODE SIZE        =    235    ----
   CONSTANT SIZE    =   ----    ----
   XDATA SIZE       =   ----    ----
   PDATA SIZE       =   ----    ----
   DATA SIZE        =   ----       1
   IDATA SIZE       =   ----    ----
   BIT SIZE         =   ----    ----
   EDATA SIZE       =   ----    ----
   HDATA SIZE       =   ----    ----
   XDATA CONST SIZE =   ----    ----
   FAR CONST SIZE   =   ----    ----
END OF MODULE INFORMATION.


C51 COMPILATION COMPLETE.  0 WARNING(S),  0 ERROR(S)
